// Jest Snapshot v1, https://goo.gl/fbAQLP

exports[`Container should render 1`] = `
<DocumentFragment>
  <div
    class="css-1guuzib"
  >
    <div>
      hello
    </div>
  </div>
</DocumentFragment>
`;
